Command line invocation:
    /Applications/Xcode.app/Contents/Developer/usr/bin/xcodebuild -scheme GoStop -configuration Debug build CODE_SIGNING_ALLOWED=NO CODE_SIGNING_REQUIRED=NO -sdk iphonesimulator

Build settings from command line:
    CODE_SIGNING_ALLOWED = NO
    CODE_SIGNING_REQUIRED = NO
    SDKROOT = iphonesimulator18.5

Resolve Package Graph


Resolved source packages:
  Yams: https://github.com/jpsim/Yams.git @ 5.4.0

--- xcodebuild: WARNING: Using the first of multiple matching destinations:
{ platform:iOS Simulator, id:dvtdevice-DVTiOSDeviceSimulatorPlaceholder-iphonesimulator:placeholder, name:Any iOS Simulator Device }
{ platform:iOS Simulator, arch:arm64, id:CB8C2204-534B-4060-80C9-E6D2287BBC97, OS:18.6, name:iPad (A16) }
{ platform:iOS Simulator, arch:x86_64, id:CB8C2204-534B-4060-80C9-E6D2287BBC97, OS:18.6, name:iPad (A16) }
{ platform:iOS Simulator, arch:arm64, id:A5178176-8529-4487-B700-C40A74532754, OS:18.6, name:iPad Air 11-inch (M3) }
{ platform:iOS Simulator, arch:x86_64, id:A5178176-8529-4487-B700-C40A74532754, OS:18.6, name:iPad Air 11-inch (M3) }
{ platform:iOS Simulator, arch:arm64, id:F2E1D842-A76E-4735-A9BD-9C428B37C790, OS:18.6, name:iPad Air 13-inch (M3) }
{ platform:iOS Simulator, arch:x86_64, id:F2E1D842-A76E-4735-A9BD-9C428B37C790, OS:18.6, name:iPad Air 13-inch (M3) }
{ platform:iOS Simulator, arch:arm64, id:107442F4-DAC0-408F-99BC-60105D8472B8, OS:18.6, name:iPad Pro 11-inch (M4) }
{ platform:iOS Simulator, arch:x86_64, id:107442F4-DAC0-408F-99BC-60105D8472B8, OS:18.6, name:iPad Pro 11-inch (M4) }
{ platform:iOS Simulator, arch:arm64, id:A1AB1499-3AB9-4C69-8A2F-05EA862980CC, OS:18.6, name:iPad Pro 13-inch (M4) }
{ platform:iOS Simulator, arch:x86_64, id:A1AB1499-3AB9-4C69-8A2F-05EA862980CC, OS:18.6, name:iPad Pro 13-inch (M4) }
{ platform:iOS Simulator, arch:arm64, id:CAF7749B-1404-4736-9E23-14A15CD9BEAF, OS:18.6, name:iPad mini (A17 Pro) }
{ platform:iOS Simulator, arch:x86_64, id:CAF7749B-1404-4736-9E23-14A15CD9BEAF, OS:18.6, name:iPad mini (A17 Pro) }
{ platform:iOS Simulator, arch:arm64, id:01DE5F5D-C372-4BE2-8CAB-3FF25E5AFBFD, OS:18.6, name:iPhone 16 }
{ platform:iOS Simulator, arch:x86_64, id:01DE5F5D-C372-4BE2-8CAB-3FF25E5AFBFD, OS:18.6, name:iPhone 16 }
{ platform:iOS Simulator, arch:arm64, id:97E779FD-F159-4559-89CD-9F10F2163A9A, OS:18.6, name:iPhone 16 Plus }
{ platform:iOS Simulator, arch:x86_64, id:97E779FD-F159-4559-89CD-9F10F2163A9A, OS:18.6, name:iPhone 16 Plus }
{ platform:iOS Simulator, arch:arm64, id:DA7FD234-B699-4FF9-9477-AF63C786DD94, OS:18.6, name:iPhone 16 Pro }
{ platform:iOS Simulator, arch:x86_64, id:DA7FD234-B699-4FF9-9477-AF63C786DD94, OS:18.6, name:iPhone 16 Pro }
{ platform:iOS Simulator, arch:arm64, id:0A930A88-D1A5-4498-B19A-D05D6C3811EA, OS:18.6, name:iPhone 16 Pro Max }
{ platform:iOS Simulator, arch:x86_64, id:0A930A88-D1A5-4498-B19A-D05D6C3811EA, OS:18.6, name:iPhone 16 Pro Max }
{ platform:iOS Simulator, arch:arm64, id:988B3B75-DD16-49AE-B5D7-B046B19A357C, OS:18.6, name:iPhone 16e }
{ platform:iOS Simulator, arch:x86_64, id:988B3B75-DD16-49AE-B5D7-B046B19A357C, OS:18.6, name:iPhone 16e }
{ platform:macOS, arch:arm64, variant:Designed for [iPad,iPhone], id:00008132-0014248C2ED3801C, name:My Mac }
{ platform:iOS, id:dvtdevice-DVTiPhonePlaceholder-iphoneos:placeholder, name:Any iOS Device }
{ platform:iOS, arch:arm64, id:00008101-0016358A0222001E, name:konlo iPhone }
ComputePackagePrebuildTargetDependencyGraph

Prepare packages

CreateBuildRequest

SendProjectDescription

CreateBuildOperation

ComputeTargetDependencyGraph
note: Building targets in dependency order
note: Target dependency graph (4 targets)
    Target 'GoStop' in project 'GoStop'
        ➜ Explicit dependency on target 'Yams' in project 'Yams'
    Target 'Yams' in project 'Yams'
        ➜ Explicit dependency on target 'Yams' in project 'Yams'
        ➜ Explicit dependency on target 'CYaml' in project 'Yams'
    Target 'Yams' in project 'Yams'
        ➜ Explicit dependency on target 'CYaml' in project 'Yams'
    Target 'CYaml' in project 'Yams' (no dependencies)

GatherProvisioningInputs

CreateBuildDescription

ClangStatCache /Applications/Xcode.app/Contents/Developer/Toolchains/XcodeDefault.xctoolchain/usr/bin/clang-stat-cache /Applications/Xcode.app/Contents/Developer/Platforms/iPhoneSimulator.platform/Developer/SDKs/iPhoneSimulator18.5.sdk /Users/najongseong/Library/Developer/Xcode/DerivedData/SDKStatCaches.noindex/iphonesimulator18.5-22F76-d5fc8ad4295d2ef488fb7d0f804ce0c4.sdkstatcache
    cd /Users/najongseong/git_repository/GoStop_antigravity/GoStop.xcodeproj
    /Applications/Xcode.app/Contents/Developer/Toolchains/XcodeDefault.xctoolchain/usr/bin/clang-stat-cache /Applications/Xcode.app/Contents/Developer/Platforms/iPhoneSimulator.platform/Developer/SDKs/iPhoneSimulator18.5.sdk -o /Users/najongseong/Library/Developer/Xcode/DerivedData/SDKStatCaches.noindex/iphonesimulator18.5-22F76-d5fc8ad4295d2ef488fb7d0f804ce0c4.sdkstatcache

note: Run script build phase 'Update Build Version' will be run during every build because the option to run the script phase "Based on dependency analysis" is unchecked. (in target 'GoStop' from project 'GoStop')
CreateUniversalBinary /Users/najongseong/Library/Developer/Xcode/DerivedData/GoStop-avdznenwyzucxpcrysizkynptmfu/Build/Products/Debug-iphonesimulator/GoStop.app/__preview.dylib normal arm64\ x86_64 (in target 'GoStop' from project 'GoStop')
    cd /Users/najongseong/git_repository/GoStop_antigravity
    /Applications/Xcode.app/Contents/Developer/Toolchains/XcodeDefault.xctoolchain/usr/bin/lipo -create /Users/najongseong/Library/Developer/Xcode/DerivedData/GoStop-avdznenwyzucxpcrysizkynptmfu/Build/Intermediates.noindex/GoStop.build/Debug-iphonesimulator/GoStop.build/Objects-normal/arm64/Binary/__preview.dylib /Users/najongseong/Library/Developer/Xcode/DerivedData/GoStop-avdznenwyzucxpcrysizkynptmfu/Build/Intermediates.noindex/GoStop.build/Debug-iphonesimulator/GoStop.build/Objects-normal/x86_64/Binary/__preview.dylib -output /Users/najongseong/Library/Developer/Xcode/DerivedData/GoStop-avdznenwyzucxpcrysizkynptmfu/Build/Products/Debug-iphonesimulator/GoStop.app/__preview.dylib

SwiftDriver GoStop normal x86_64 com.apple.xcode.tools.swift.compiler (in target 'GoStop' from project 'GoStop')
    cd /Users/najongseong/git_repository/GoStop_antigravity
    builtin-SwiftDriver -- /Applications/Xcode.app/Contents/Developer/Toolchains/XcodeDefault.xctoolchain/usr/bin/swiftc -module-name GoStop -Onone -enforce-exclusivity\=checked @/Users/najongseong/Library/Developer/Xcode/DerivedData/GoStop-avdznenwyzucxpcrysizkynptmfu/Build/Intermediates.noindex/GoStop.build/Debug-iphonesimulator/GoStop.build/Objects-normal/x86_64/GoStop.SwiftFileList -DDEBUG -enable-bare-slash-regex -enable-experimental-feature DebugDescriptionMacro -sdk /Applications/Xcode.app/Contents/Developer/Platforms/iPhoneSimulator.platform/Developer/SDKs/iPhoneSimulator18.5.sdk -target x86_64-apple-ios16.0-simulator -g -module-cache-path /Users/najongseong/Library/Developer/Xcode/DerivedData/ModuleCache.noindex -Xfrontend -serialize-debugging-options -profile-coverage-mapping -profile-generate -enable-testing -index-store-path /Users/najongseong/Library/Developer/Xcode/DerivedData/GoStop-avdznenwyzucxpcrysizkynptmfu/Index.noindex/DataStore -swift-version 5 -I /Users/najongseong/Library/Developer/Xcode/DerivedData/GoStop-avdznenwyzucxpcrysizkynptmfu/Build/Products/Debug-iphonesimulator -F /Users/najongseong/Library/Developer/Xcode/DerivedData/GoStop-avdznenwyzucxpcrysizkynptmfu/Build/Products/Debug-iphonesimulator/PackageFrameworks -F /Users/najongseong/Library/Developer/Xcode/DerivedData/GoStop-avdznenwyzucxpcrysizkynptmfu/Build/Products/Debug-iphonesimulator/PackageFrameworks -F /Users/najongseong/Library/Developer/Xcode/DerivedData/GoStop-avdznenwyzucxpcrysizkynptmfu/Build/Products/Debug-iphonesimulator -c -j10 -enable-batch-mode -incremental -Xcc -ivfsstatcache -Xcc /Users/najongseong/Library/Developer/Xcode/DerivedData/SDKStatCaches.noindex/iphonesimulator18.5-22F76-d5fc8ad4295d2ef488fb7d0f804ce0c4.sdkstatcache -output-file-map /Users/najongseong/Library/Developer/Xcode/DerivedData/GoStop-avdznenwyzucxpcrysizkynptmfu/Build/Intermediates.noindex/GoStop.build/Debug-iphonesimulator/GoStop.build/Objects-normal/x86_64/GoStop-OutputFileMap.json -use-frontend-parseable-output -save-temps -no-color-diagnostics -serialize-diagnostics -emit-dependencies -emit-module -emit-module-path /Users/najongseong/Library/Developer/Xcode/DerivedData/GoStop-avdznenwyzucxpcrysizkynptmfu/Build/Intermediates.noindex/GoStop.build/Debug-iphonesimulator/GoStop.build/Objects-normal/x86_64/GoStop.swiftmodule -validate-clang-modules-once -clang-build-session-file /Users/najongseong/Library/Developer/Xcode/DerivedData/ModuleCache.noindex/Session.modulevalidation -Xcc -I/Users/najongseong/Library/Developer/Xcode/DerivedData/GoStop-avdznenwyzucxpcrysizkynptmfu/Build/Intermediates.noindex/GoStop.build/Debug-iphonesimulator/GoStop.build/swift-overrides.hmap -emit-const-values -Xfrontend -const-gather-protocols-file -Xfrontend /Users/najongseong/Library/Developer/Xcode/DerivedData/GoStop-avdznenwyzucxpcrysizkynptmfu/Build/Intermediates.noindex/GoStop.build/Debug-iphonesimulator/GoStop.build/Objects-normal/x86_64/GoStop_const_extract_protocols.json -Xcc -iquote -Xcc /Users/najongseong/Library/Developer/Xcode/DerivedData/GoStop-avdznenwyzucxpcrysizkynptmfu/Build/Intermediates.noindex/GoStop.build/Debug-iphonesimulator/GoStop.build/GoStop-generated-files.hmap -Xcc -I/Users/najongseong/Library/Developer/Xcode/DerivedData/GoStop-avdznenwyzucxpcrysizkynptmfu/Build/Intermediates.noindex/GoStop.build/Debug-iphonesimulator/GoStop.build/GoStop-own-target-headers.hmap -Xcc -I/Users/najongseong/Library/Developer/Xcode/DerivedData/GoStop-avdznenwyzucxpcrysizkynptmfu/Build/Intermediates.noindex/GoStop.build/Debug-iphonesimulator/GoStop.build/GoStop-all-non-framework-target-headers.hmap -Xcc -ivfsoverlay -Xcc /Users/najongseong/Library/Developer/Xcode/DerivedData/GoStop-avdznenwyzucxpcrysizkynptmfu/Build/Intermediates.noindex/GoStop.build/Debug-iphonesimulator/GoStop-53a3f52937892fd0e35a89633a7e84e6-VFS-iphonesimulator/all-product-headers.yaml -Xcc -iquote -Xcc /Users/najongseong/Library/Developer/Xcode/DerivedData/GoStop-avdznenwyzucxpcrysizkynptmfu/Build/Intermediates.noindex/GoStop.build/Debug-iphonesimulator/GoStop.build/GoStop-project-headers.hmap -Xcc -I/Users/najongseong/Library/Developer/Xcode/DerivedData/GoStop-avdznenwyzucxpcrysizkynptmfu/SourcePackages/checkouts/Yams/Sources/CYaml/include -Xcc -I/Users/najongseong/Library/Developer/Xcode/DerivedData/GoStop-avdznenwyzucxpcrysizkynptmfu/Build/Products/Debug-iphonesimulator/include -Xcc -I/Users/najongseong/Library/Developer/Xcode/DerivedData/GoStop-avdznenwyzucxpcrysizkynptmfu/Build/Intermediates.noindex/GoStop.build/Debug-iphonesimulator/GoStop.build/DerivedSources-normal/x86_64 -Xcc -I/Users/najongseong/Library/Developer/Xcode/DerivedData/GoStop-avdznenwyzucxpcrysizkynptmfu/Build/Intermediates.noindex/GoStop.build/Debug-iphonesimulator/GoStop.build/DerivedSources/x86_64 -Xcc -I/Users/najongseong/Library/Developer/Xcode/DerivedData/GoStop-avdznenwyzucxpcrysizkynptmfu/Build/Intermediates.noindex/GoStop.build/Debug-iphonesimulator/GoStop.build/DerivedSources -Xcc -DDEBUG\=1 -emit-objc-header -emit-objc-header-path /Users/najongseong/Library/Developer/Xcode/DerivedData/GoStop-avdznenwyzucxpcrysizkynptmfu/Build/Intermediates.noindex/GoStop.build/Debug-iphonesimulator/GoStop.build/Objects-normal/x86_64/GoStop-Swift.h -working-directory /Users/najongseong/git_repository/GoStop_antigravity -experimental-emit-module-separately -disable-cmo

SwiftDriver GoStop normal arm64 com.apple.xcode.tools.swift.compiler (in target 'GoStop' from project 'GoStop')
    cd /Users/najongseong/git_repository/GoStop_antigravity
    builtin-SwiftDriver -- /Applications/Xcode.app/Contents/Developer/Toolchains/XcodeDefault.xctoolchain/usr/bin/swiftc -module-name GoStop -Onone -enforce-exclusivity\=checked @/Users/najongseong/Library/Developer/Xcode/DerivedData/GoStop-avdznenwyzucxpcrysizkynptmfu/Build/Intermediates.noindex/GoStop.build/Debug-iphonesimulator/GoStop.build/Objects-normal/arm64/GoStop.SwiftFileList -DDEBUG -enable-bare-slash-regex -enable-experimental-feature DebugDescriptionMacro -sdk /Applications/Xcode.app/Contents/Developer/Platforms/iPhoneSimulator.platform/Developer/SDKs/iPhoneSimulator18.5.sdk -target arm64-apple-ios16.0-simulator -g -module-cache-path /Users/najongseong/Library/Developer/Xcode/DerivedData/ModuleCache.noindex -Xfrontend -serialize-debugging-options -profile-coverage-mapping -profile-generate -enable-testing -index-store-path /Users/najongseong/Library/Developer/Xcode/DerivedData/GoStop-avdznenwyzucxpcrysizkynptmfu/Index.noindex/DataStore -swift-version 5 -I /Users/najongseong/Library/Developer/Xcode/DerivedData/GoStop-avdznenwyzucxpcrysizkynptmfu/Build/Products/Debug-iphonesimulator -F /Users/najongseong/Library/Developer/Xcode/DerivedData/GoStop-avdznenwyzucxpcrysizkynptmfu/Build/Products/Debug-iphonesimulator/PackageFrameworks -F /Users/najongseong/Library/Developer/Xcode/DerivedData/GoStop-avdznenwyzucxpcrysizkynptmfu/Build/Products/Debug-iphonesimulator/PackageFrameworks -F /Users/najongseong/Library/Developer/Xcode/DerivedData/GoStop-avdznenwyzucxpcrysizkynptmfu/Build/Products/Debug-iphonesimulator -c -j10 -enable-batch-mode -incremental -Xcc -ivfsstatcache -Xcc /Users/najongseong/Library/Developer/Xcode/DerivedData/SDKStatCaches.noindex/iphonesimulator18.5-22F76-d5fc8ad4295d2ef488fb7d0f804ce0c4.sdkstatcache -output-file-map /Users/najongseong/Library/Developer/Xcode/DerivedData/GoStop-avdznenwyzucxpcrysizkynptmfu/Build/Intermediates.noindex/GoStop.build/Debug-iphonesimulator/GoStop.build/Objects-normal/arm64/GoStop-OutputFileMap.json -use-frontend-parseable-output -save-temps -no-color-diagnostics -serialize-diagnostics -emit-dependencies -emit-module -emit-module-path /Users/najongseong/Library/Developer/Xcode/DerivedData/GoStop-avdznenwyzucxpcrysizkynptmfu/Build/Intermediates.noindex/GoStop.build/Debug-iphonesimulator/GoStop.build/Objects-normal/arm64/GoStop.swiftmodule -validate-clang-modules-once -clang-build-session-file /Users/najongseong/Library/Developer/Xcode/DerivedData/ModuleCache.noindex/Session.modulevalidation -Xcc -I/Users/najongseong/Library/Developer/Xcode/DerivedData/GoStop-avdznenwyzucxpcrysizkynptmfu/Build/Intermediates.noindex/GoStop.build/Debug-iphonesimulator/GoStop.build/swift-overrides.hmap -emit-const-values -Xfrontend -const-gather-protocols-file -Xfrontend /Users/najongseong/Library/Developer/Xcode/DerivedData/GoStop-avdznenwyzucxpcrysizkynptmfu/Build/Intermediates.noindex/GoStop.build/Debug-iphonesimulator/GoStop.build/Objects-normal/arm64/GoStop_const_extract_protocols.json -Xcc -iquote -Xcc /Users/najongseong/Library/Developer/Xcode/DerivedData/GoStop-avdznenwyzucxpcrysizkynptmfu/Build/Intermediates.noindex/GoStop.build/Debug-iphonesimulator/GoStop.build/GoStop-generated-files.hmap -Xcc -I/Users/najongseong/Library/Developer/Xcode/DerivedData/GoStop-avdznenwyzucxpcrysizkynptmfu/Build/Intermediates.noindex/GoStop.build/Debug-iphonesimulator/GoStop.build/GoStop-own-target-headers.hmap -Xcc -I/Users/najongseong/Library/Developer/Xcode/DerivedData/GoStop-avdznenwyzucxpcrysizkynptmfu/Build/Intermediates.noindex/GoStop.build/Debug-iphonesimulator/GoStop.build/GoStop-all-non-framework-target-headers.hmap -Xcc -ivfsoverlay -Xcc /Users/najongseong/Library/Developer/Xcode/DerivedData/GoStop-avdznenwyzucxpcrysizkynptmfu/Build/Intermediates.noindex/GoStop.build/Debug-iphonesimulator/GoStop-53a3f52937892fd0e35a89633a7e84e6-VFS-iphonesimulator/all-product-headers.yaml -Xcc -iquote -Xcc /Users/najongseong/Library/Developer/Xcode/DerivedData/GoStop-avdznenwyzucxpcrysizkynptmfu/Build/Intermediates.noindex/GoStop.build/Debug-iphonesimulator/GoStop.build/GoStop-project-headers.hmap -Xcc -I/Users/najongseong/Library/Developer/Xcode/DerivedData/GoStop-avdznenwyzucxpcrysizkynptmfu/SourcePackages/checkouts/Yams/Sources/CYaml/include -Xcc -I/Users/najongseong/Library/Developer/Xcode/DerivedData/GoStop-avdznenwyzucxpcrysizkynptmfu/Build/Products/Debug-iphonesimulator/include -Xcc -I/Users/najongseong/Library/Developer/Xcode/DerivedData/GoStop-avdznenwyzucxpcrysizkynptmfu/Build/Intermediates.noindex/GoStop.build/Debug-iphonesimulator/GoStop.build/DerivedSources-normal/arm64 -Xcc -I/Users/najongseong/Library/Developer/Xcode/DerivedData/GoStop-avdznenwyzucxpcrysizkynptmfu/Build/Intermediates.noindex/GoStop.build/Debug-iphonesimulator/GoStop.build/DerivedSources/arm64 -Xcc -I/Users/najongseong/Library/Developer/Xcode/DerivedData/GoStop-avdznenwyzucxpcrysizkynptmfu/Build/Intermediates.noindex/GoStop.build/Debug-iphonesimulator/GoStop.build/DerivedSources -Xcc -DDEBUG\=1 -emit-objc-header -emit-objc-header-path /Users/najongseong/Library/Developer/Xcode/DerivedData/GoStop-avdznenwyzucxpcrysizkynptmfu/Build/Intermediates.noindex/GoStop.build/Debug-iphonesimulator/GoStop.build/Objects-normal/arm64/GoStop-Swift.h -working-directory /Users/najongseong/git_repository/GoStop_antigravity -experimental-emit-module-separately -disable-cmo

Copy /Users/najongseong/Library/Developer/Xcode/DerivedData/GoStop-avdznenwyzucxpcrysizkynptmfu/Build/Products/Debug-iphonesimulator/GoStop.swiftmodule/arm64-apple-ios-simulator.abi.json /Users/najongseong/Library/Developer/Xcode/DerivedData/GoStop-avdznenwyzucxpcrysizkynptmfu/Build/Intermediates.noindex/GoStop.build/Debug-iphonesimulator/GoStop.build/Objects-normal/arm64/GoStop.abi.json (in target 'GoStop' from project 'GoStop')
    cd /Users/najongseong/git_repository/GoStop_antigravity
    builtin-copy -exclude .DS_Store -exclude CVS -exclude .svn -exclude .git -exclude .hg -resolve-src-symlinks -rename /Users/najongseong/Library/Developer/Xcode/DerivedData/GoStop-avdznenwyzucxpcrysizkynptmfu/Build/Intermediates.noindex/GoStop.build/Debug-iphonesimulator/GoStop.build/Objects-normal/arm64/GoStop.abi.json /Users/najongseong/Library/Developer/Xcode/DerivedData/GoStop-avdznenwyzucxpcrysizkynptmfu/Build/Products/Debug-iphonesimulator/GoStop.swiftmodule/arm64-apple-ios-simulator.abi.json

Copy /Users/najongseong/Library/Developer/Xcode/DerivedData/GoStop-avdznenwyzucxpcrysizkynptmfu/Build/Products/Debug-iphonesimulator/GoStop.swiftmodule/Project/arm64-apple-ios-simulator.swiftsourceinfo /Users/najongseong/Library/Developer/Xcode/DerivedData/GoStop-avdznenwyzucxpcrysizkynptmfu/Build/Intermediates.noindex/GoStop.build/Debug-iphonesimulator/GoStop.build/Objects-normal/arm64/GoStop.swiftsourceinfo (in target 'GoStop' from project 'GoStop')
    cd /Users/najongseong/git_repository/GoStop_antigravity
    builtin-copy -exclude .DS_Store -exclude CVS -exclude .svn -exclude .git -exclude .hg -resolve-src-symlinks -rename /Users/najongseong/Library/Developer/Xcode/DerivedData/GoStop-avdznenwyzucxpcrysizkynptmfu/Build/Intermediates.noindex/GoStop.build/Debug-iphonesimulator/GoStop.build/Objects-normal/arm64/GoStop.swiftsourceinfo /Users/najongseong/Library/Developer/Xcode/DerivedData/GoStop-avdznenwyzucxpcrysizkynptmfu/Build/Products/Debug-iphonesimulator/GoStop.swiftmodule/Project/arm64-apple-ios-simulator.swiftsourceinfo

ProcessInfoPlistFile /Users/najongseong/Library/Developer/Xcode/DerivedData/GoStop-avdznenwyzucxpcrysizkynptmfu/Build/Products/Debug-iphonesimulator/GoStop.app/Info.plist /Users/najongseong/git_repository/GoStop_antigravity/GoStop/Info.plist (in target 'GoStop' from project 'GoStop')
    cd /Users/najongseong/git_repository/GoStop_antigravity
    builtin-infoPlistUtility /Users/najongseong/git_repository/GoStop_antigravity/GoStop/Info.plist -producttype com.apple.product-type.application -genpkginfo /Users/najongseong/Library/Developer/Xcode/DerivedData/GoStop-avdznenwyzucxpcrysizkynptmfu/Build/Products/Debug-iphonesimulator/GoStop.app/PkgInfo -expandbuildsettings -format binary -platform iphonesimulator -additionalcontentfile /Users/najongseong/Library/Developer/Xcode/DerivedData/GoStop-avdznenwyzucxpcrysizkynptmfu/Build/Intermediates.noindex/GoStop.build/Debug-iphonesimulator/GoStop.build/assetcatalog_generated_info.plist -o /Users/najongseong/Library/Developer/Xcode/DerivedData/GoStop-avdznenwyzucxpcrysizkynptmfu/Build/Products/Debug-iphonesimulator/GoStop.app/Info.plist

SwiftCompile normal x86_64 Compiling\ GameManager.swift,\ GameView.swift,\ GoStopApp.swift /Users/najongseong/git_repository/GoStop_antigravity/GoStop/Core/GameManager.swift /Users/najongseong/git_repository/GoStop_antigravity/GoStop/Views/GameView.swift /Users/najongseong/git_repository/GoStop_antigravity/GoStop/GoStopApp.swift (in target 'GoStop' from project 'GoStop')

SwiftCompile normal x86_64 /Users/najongseong/git_repository/GoStop_antigravity/GoStop/Core/GameManager.swift (in target 'GoStop' from project 'GoStop')
    cd /Users/najongseong/git_repository/GoStop_antigravity
    

SwiftCompile normal x86_64 /Users/najongseong/git_repository/GoStop_antigravity/GoStop/Views/GameView.swift (in target 'GoStop' from project 'GoStop')
    cd /Users/najongseong/git_repository/GoStop_antigravity
    

SwiftCompile normal x86_64 /Users/najongseong/git_repository/GoStop_antigravity/GoStop/GoStopApp.swift (in target 'GoStop' from project 'GoStop')
    cd /Users/najongseong/git_repository/GoStop_antigravity
    

SwiftEmitModule normal x86_64 Emitting\ module\ for\ GoStop (in target 'GoStop' from project 'GoStop')

EmitSwiftModule normal x86_64 (in target 'GoStop' from project 'GoStop')
    cd /Users/najongseong/git_repository/GoStop_antigravity
    

SwiftCompile normal x86_64 Compiling\ InMemoryRoomCoordinator.swift,\ LayoutConfig.swift,\ LayoutConfigV2.swift /Users/najongseong/git_repository/GoStop_antigravity/GoStop/Core/InMemoryRoomCoordinator.swift /Users/najongseong/git_repository/GoStop_antigravity/GoStop/Models/LayoutConfig.swift /Users/najongseong/git_repository/GoStop_antigravity/GoStop/Models/LayoutConfigV2.swift (in target 'GoStop' from project 'GoStop')
SwiftCompile normal x86_64 /Users/najongseong/git_repository/GoStop_antigravity/GoStop/Core/InMemoryRoomCoordinator.swift (in target 'GoStop' from project 'GoStop')
    cd /Users/najongseong/git_repository/GoStop_antigravity
    

SwiftCompile normal x86_64 /Users/najongseong/git_repository/GoStop_antigravity/GoStop/Models/LayoutConfig.swift (in target 'GoStop' from project 'GoStop')
    cd /Users/najongseong/git_repository/GoStop_antigravity
    

SwiftCompile normal x86_64 /Users/najongseong/git_repository/GoStop_antigravity/GoStop/Models/LayoutConfigV2.swift (in target 'GoStop' from project 'GoStop')
    cd /Users/najongseong/git_repository/GoStop_antigravity
    

SwiftCompile normal x86_64 Compiling\ ConfigManager.swift,\ ContentView.swift,\ DebugEndgameSummaryView.swift /Users/najongseong/git_repository/GoStop_antigravity/GoStop/Core/ConfigManager.swift /Users/najongseong/git_repository/GoStop_antigravity/GoStop/ContentView.swift /Users/najongseong/git_repository/GoStop_antigravity/GoStop/Views/DebugEndgameSummaryView.swift (in target 'GoStop' from project 'GoStop')

SwiftCompile normal x86_64 /Users/najongseong/git_repository/GoStop_antigravity/GoStop/Core/ConfigManager.swift (in target 'GoStop' from project 'GoStop')
    cd /Users/najongseong/git_repository/GoStop_antigravity
    

SwiftCompile normal x86_64 /Users/najongseong/git_repository/GoStop_antigravity/GoStop/ContentView.swift (in target 'GoStop' from project 'GoStop')
    cd /Users/najongseong/git_repository/GoStop_antigravity
    

SwiftCompile normal x86_64 /Users/najongseong/git_repository/GoStop_antigravity/GoStop/Views/DebugEndgameSummaryView.swift (in target 'GoStop' from project 'GoStop')
    cd /Users/najongseong/git_repository/GoStop_antigravity
    

SwiftCompile normal x86_64 Compiling\ MultiplayerProtocol.swift,\ MultiplayerShellState.swift,\ MultiplayerShellViews.swift /Users/najongseong/git_repository/GoStop_antigravity/GoStop/Core/MultiplayerProtocol.swift /Users/najongseong/git_repository/GoStop_antigravity/GoStop/Views/MultiplayerShellState.swift /Users/najongseong/git_repository/GoStop_antigravity/GoStop/Views/MultiplayerShellViews.swift (in target 'GoStop' from project 'GoStop')

SwiftCompile normal x86_64 /Users/najongseong/git_repository/GoStop_antigravity/GoStop/Core/MultiplayerProtocol.swift (in target 'GoStop' from project 'GoStop')
    cd /Users/najongseong/git_repository/GoStop_antigravity
    

SwiftCompile normal x86_64 /Users/najongseong/git_repository/GoStop_antigravity/GoStop/Views/MultiplayerShellState.swift (in target 'GoStop' from project 'GoStop')
    cd /Users/najongseong/git_repository/GoStop_antigravity
    

SwiftCompile normal x86_64 /Users/najongseong/git_repository/GoStop_antigravity/GoStop/Views/MultiplayerShellViews.swift (in target 'GoStop' from project 'GoStop')
    cd /Users/najongseong/git_repository/GoStop_antigravity
    

SwiftCompile normal x86_64 Compiling\ RuleConfig.swift,\ RuleSettingsView.swift /Users/najongseong/git_repository/GoStop_antigravity/GoStop/Models/RuleConfig.swift /Users/najongseong/git_repository/GoStop_antigravity/GoStop/Views/RuleSettingsView.swift (in target 'GoStop' from project 'GoStop')
SwiftCompile normal x86_64 /Users/najongseong/git_repository/GoStop_antigravity/GoStop/Models/RuleConfig.swift (in target 'GoStop' from project 'GoStop')
    cd /Users/najongseong/git_repository/GoStop_antigravity
    

SwiftCompile normal x86_64 /Users/najongseong/git_repository/GoStop_antigravity/GoStop/Views/RuleSettingsView.swift (in target 'GoStop' from project 'GoStop')
    cd /Users/najongseong/git_repository/GoStop_antigravity
    

SwiftCompile normal x86_64 Compiling\ DebugLayoutOverlayV2.swift,\ Deck.swift,\ GameAreaViews.swift /Users/najongseong/git_repository/GoStop_antigravity/GoStop/Views/DebugLayoutOverlayV2.swift /Users/najongseong/git_repository/GoStop_antigravity/GoStop/Models/Deck.swift /Users/najongseong/git_repository/GoStop_antigravity/GoStop/Views/GameAreaViews.swift (in target 'GoStop' from project 'GoStop')

SwiftCompile normal x86_64 /Users/najongseong/git_repository/GoStop_antigravity/GoStop/Views/DebugLayoutOverlayV2.swift (in target 'GoStop' from project 'GoStop')
    cd /Users/najongseong/git_repository/GoStop_antigravity
    

SwiftCompile normal x86_64 /Users/najongseong/git_repository/GoStop_antigravity/GoStop/Models/Deck.swift (in target 'GoStop' from project 'GoStop')
    cd /Users/najongseong/git_repository/GoStop_antigravity
    

SwiftCompile normal x86_64 /Users/najongseong/git_repository/GoStop_antigravity/GoStop/Views/GameAreaViews.swift (in target 'GoStop' from project 'GoStop')
    cd /Users/najongseong/git_repository/GoStop_antigravity
    

SwiftCompile normal x86_64 Compiling\ MultiplayerStateMapper.swift,\ PenaltySystem.swift,\ Player.swift /Users/najongseong/git_repository/GoStop_antigravity/GoStop/Core/MultiplayerStateMapper.swift /Users/najongseong/git_repository/GoStop_antigravity/GoStop/Core/PenaltySystem.swift /Users/najongseong/git_repository/GoStop_antigravity/GoStop/Models/Player.swift (in target 'GoStop' from project 'GoStop')

SwiftCompile normal x86_64 /Users/najongseong/git_repository/GoStop_antigravity/GoStop/Core/MultiplayerStateMapper.swift (in target 'GoStop' from project 'GoStop')
    cd /Users/najongseong/git_repository/GoStop_antigravity
    
/Users/najongseong/git_repository/GoStop_antigravity/GoStop/Core/MultiplayerStateMapper.swift:82:13: warning: variable 'captureOptions' was never mutated; consider changing to 'let' constant
        var captureOptions: [Card] = []
        ~~~ ^
        let
/Users/najongseong/git_repository/GoStop_antigravity/GoStop/Core/MultiplayerStateMapper.swift:83:13: warning: variable 'capturePlayed' was never mutated; consider changing to 'let' constant
        var capturePlayed: Card? = nil
        ~~~ ^
        let
/Users/najongseong/git_repository/GoStop_antigravity/GoStop/Core/MultiplayerStateMapper.swift:84:13: warning: variable 'captureDrawn' was never mutated; consider changing to 'let' constant
        var captureDrawn: Card? = nil
        ~~~ ^
        let
/Users/najongseong/git_repository/GoStop_antigravity/GoStop/Core/MultiplayerStateMapper.swift:85:13: warning: variable 'shakeMonths' was never mutated; consider changing to 'let' constant
        var shakeMonths: [Int] = []
        ~~~ ^
        let
/Users/najongseong/git_repository/GoStop_antigravity/GoStop/Core/MultiplayerStateMapper.swift:86:13: warning: variable 'shakeCard' was never mutated; consider changing to 'let' constant
        var shakeCard: Card? = nil
        ~~~ ^
        let
/Users/najongseong/git_repository/GoStop_antigravity/GoStop/Core/MultiplayerStateMapper.swift:87:13: warning: variable 'shakeMonth' was never mutated; consider changing to 'let' constant
        var shakeMonth: Int? = nil
        ~~~ ^
        let
/Users/najongseong/git_repository/GoStop_antigravity/GoStop/Core/MultiplayerStateMapper.swift:88:13: warning: variable 'chrysCard' was never mutated; consider changing to 'let' constant
        var chrysCard: Card? = nil
        ~~~ ^
        let
/Users/najongseong/git_repository/GoStop_antigravity/GoStop/Core/MultiplayerStateMapper.swift:110:13: warning: variable 'endReason' was never mutated; consider changing to 'let' constant
        var endReason: GameEndReason?
        ~~~ ^
        let

SwiftCompile normal x86_64 /Users/najongseong/git_repository/GoStop_antigravity/GoStop/Core/PenaltySystem.swift (in target 'GoStop' from project 'GoStop')
    cd /Users/najongseong/git_repository/GoStop_antigravity
    

SwiftCompile normal x86_64 /Users/najongseong/git_repository/GoStop_antigravity/GoStop/Models/Player.swift (in target 'GoStop' from project 'GoStop')
    cd /Users/najongseong/git_repository/GoStop_antigravity
    

SwiftCompile normal x86_64 Compiling\ MultiplayerContract.swift,\ MultiplayerGameManagerHelper.swift,\ MultiplayerPlayCoordinator.swift /Users/najongseong/git_repository/GoStop_antigravity/GoStop/Core/MultiplayerContract.swift /Users/najongseong/git_repository/GoStop_antigravity/GoStop/Core/MultiplayerGameManagerHelper.swift /Users/najongseong/git_repository/GoStop_antigravity/GoStop/Views/MultiplayerPlayCoordinator.swift (in target 'GoStop' from project 'GoStop')
Failed frontend command:
/Applications/Xcode.app/Contents/Developer/Toolchains/XcodeDefault.xctoolchain/usr/bin/swift-frontend -frontend -c /Users/najongseong/git_repository/GoStop_antigravity/GoStop/Core/AnimationManager.swift /Users/najongseong/git_repository/GoStop_antigravity/GoStop/Core/AudioManager.swift /Users/najongseong/git_repository/GoStop_antigravity/GoStop/Models/Card.swift /Users/najongseong/git_repository/GoStop_antigravity/GoStop/Views/CardView.swift /Users/najongseong/git_repository/GoStop_antigravity/GoStop/Core/ConfigManager.swift /Users/najongseong/git_repository/GoStop_antigravity/GoStop/ContentView.swift /Users/najongseong/git_repository/GoStop_antigravity/GoStop/Views/DebugEndgameSummaryView.swift /Users/najongseong/git_repository/GoStop_antigravity/GoStop/Views/DebugLayoutOverlayV2.swift /Users/najongseong/git_repository/GoStop_antigravity/GoStop/Models/Deck.swift /Users/najongseong/git_repository/GoStop_antigravity/GoStop/Views/GameAreaViews.swift /Users/najongseong/git_repository/GoStop_antigravity/GoStop/Core/GameManager.swift /Users/najongseong/git_repository/GoStop_antigravity/GoStop/Views/GameView.swift /Users/najongseong/git_repository/GoStop_antigravity/GoStop/GoStopApp.swift /Users/najongseong/git_repository/GoStop_antigravity/GoStop/Core/InMemoryRoomCoordinator.swift /Users/najongseong/git_repository/GoStop_antigravity/GoStop/Models/LayoutConfig.swift /Users/najongseong/git_repository/GoStop_antigravity/GoStop/Models/LayoutConfigV2.swift /Users/najongseong/git_repository/GoStop_antigravity/GoStop/Core/LayoutContext.swift /Users/najongseong/git_repository/GoStop_antigravity/GoStop/Core/LocalRoomCoordinatorDebugService.swift /Users/najongseong/git_repository/GoStop_antigravity/GoStop/Core/MessageCatalog.swift /Users/najongseong/git_repository/GoStop_antigravity/GoStop/Core/MockMultiplayerPayloads.swift -primary-file /Users/najongseong/git_repository/GoStop_antigravity/GoStop/Core/MultiplayerContract.swift -primary-file /Users/najongseong/git_repository/GoStop_antigravity/GoStop/Core/MultiplayerGameManagerHelper.swift -primary-file /Users/najongseong/git_repository/GoStop_antigravity/GoStop/Views/MultiplayerPlayCoordinator.swift /Users/najongseong/git_repository/GoStop_antigravity/GoStop/Core/MultiplayerProtocol.swift /Users/najongseong/git_repository/GoStop_antigravity/GoStop/Views/MultiplayerShellState.swift /Users/najongseong/git_repository/GoStop_antigravity/GoStop/Views/MultiplayerShellViews.swift /Users/najongseong/git_repository/GoStop_antigravity/GoStop/Core/MultiplayerStateMapper.swift /Users/najongseong/git_repository/GoStop_antigravity/GoStop/Core/PenaltySystem.swift /Users/najongseong/git_repository/GoStop_antigravity/GoStop/Models/Player.swift /Users/najongseong/git_repository/GoStop_antigravity/GoStop/Core/PlayerHandSlotManager.swift /Users/najongseong/git_repository/GoStop_antigravity/GoStop/Views/RealRoomCoordinatorShellSource.swift /Users/najongseong/git_repository/GoStop_antigravity/GoStop/Core/RoomCoordinatorModels.swift /Users/najongseong/git_repository/GoStop_antigravity/GoStop/Models/RuleConfig.swift /Users/najongseong/git_repository/GoStop_antigravity/GoStop/Views/RuleSettingsView.swift /Users/najongseong/git_repository/GoStop_antigravity/GoStop/Core/ScoringSystem.swift /Users/najongseong/git_repository/GoStop_antigravity/GoStop/Core/SimulatorBridge.swift /Users/najongseong/git_repository/GoStop_antigravity/GoStop/Views/SpecialEventPopupModule.swift /Users/najongseong/git_repository/GoStop_antigravity/GoStop/Core/TableSlotManager.swift /Users/najongseong/git_repository/GoStop_antigravity/GoStop/Core/TestControlSupport.swift /Users/najongseong/Library/Developer/Xcode/DerivedData/GoStop-avdznenwyzucxpcrysizkynptmfu/Build/Intermediates.noindex/GoStop.build/Debug-iphonesimulator/GoStop.build/DerivedSources/GeneratedAssetSymbols.swift -supplementary-output-file-map /Users/najongseong/Library/Developer/Xcode/DerivedData/GoStop-avdznenwyzucxpcrysizkynptmfu/Build/Intermediates.noindex/GoStop.build/Debug-iphonesimulator/GoStop.build/Objects-normal/x86_64/supplementaryOutputs-5 -target x86_64-apple-ios16.0-simulator -enable-objc-interop -sdk /Applications/Xcode.app/Contents/Developer/Platforms/iPhoneSimulator.platform/Developer/SDKs/iPhoneSimulator18.5.sdk -I /Users/najongseong/Library/Developer/Xcode/DerivedData/GoStop-avdznenwyzucxpcrysizkynptmfu/Build/Products/Debug-iphonesimulator -F /Users/najongseong/Library/Developer/Xcode/DerivedData/GoStop-avdznenwyzucxpcrysizkynptmfu/Build/Products/Debug-iphonesimulator/PackageFrameworks -F /Users/najongseong/Library/Developer/Xcode/DerivedData/GoStop-avdznenwyzucxpcrysizkynptmfu/Build/Products/Debug-iphonesimulator/PackageFrameworks -F /Users/najongseong/Library/Developer/Xcode/DerivedData/GoStop-avdznenwyzucxpcrysizkynptmfu/Build/Products/Debug-iphonesimulator -no-color-diagnostics -enable-testing -g -debug-info-format\=dwarf -dwarf-version\=4 -module-cache-path /Users/najongseong/Library/Developer/Xcode/DerivedData/ModuleCache.noindex -profile-generate -profile-coverage-mapping -swift-version 5 -enforce-exclusivity\=checked -Onone -D DEBUG -serialize-debugging-options -const-gather-protocols-file /Users/najongseong/Library/Developer/Xcode/DerivedData/GoStop-avdznenwyzucxpcrysizkynptmfu/Build/Intermediates.noindex/GoStop.build/Debug-iphonesimulator/GoStop.build/Objects-normal/x86_64/GoStop_const_extract_protocols.json -enable-experimental-feature DebugDescriptionMacro -enable-bare-slash-regex -empty-abi-descriptor -validate-clang-modules-once -clang-build-session-file /Users/najongseong/Library/Developer/Xcode/DerivedData/ModuleCache.noindex/Session.modulevalidation -Xcc -working-directory -Xcc /Users/najongseong/git_repository/GoStop_antigravity -resource-dir /Applications/Xcode.app/Contents/Developer/Toolchains/XcodeDefault.xctoolchain/usr/lib/swift -enable-anonymous-context-mangled-names -file-compilation-dir /Users/najongseong/git_repository/GoStop_antigravity -Xcc -ivfsstatcache -Xcc /Users/najongseong/Library/Developer/Xcode/DerivedData/SDKStatCaches.noindex/iphonesimulator18.5-22F76-d5fc8ad4295d2ef488fb7d0f804ce0c4.sdkstatcache -Xcc -I/Users/najongseong/Library/Developer/Xcode/DerivedData/GoStop-avdznenwyzucxpcrysizkynptmfu/Build/Intermediates.noindex/GoStop.build/Debug-iphonesimulator/GoStop.build/swift-overrides.hmap -Xcc -iquote -Xcc /Users/najongseong/Library/Developer/Xcode/DerivedData/GoStop-avdznenwyzucxpcrysizkynptmfu/Build/Intermediates.noindex/GoStop.build/Debug-iphonesimulator/GoStop.build/GoStop-generated-files.hmap -Xcc -I/Users/najongseong/Library/Developer/Xcode/DerivedData/GoStop-avdznenwyzucxpcrysizkynptmfu/Build/Intermediates.noindex/GoStop.build/Debug-iphonesimulator/GoStop.build/GoStop-own-target-headers.hmap -Xcc -I/Users/najongseong/Library/Developer/Xcode/DerivedData/GoStop-avdznenwyzucxpcrysizkynptmfu/Build/Intermediates.noindex/GoStop.build/Debug-iphonesimulator/GoStop.build/GoStop-all-non-framework-target-headers.hmap -Xcc -ivfsoverlay -Xcc /Users/najongseong/Library/Developer/Xcode/DerivedData/GoStop-avdznenwyzucxpcrysizkynptmfu/Build/Intermediates.noindex/GoStop.build/Debug-iphonesimulator/GoStop-53a3f52937892fd0e35a89633a7e84e6-VFS-iphonesimulator/all-product-headers.yaml -Xcc -iquote -Xcc /Users/najongseong/Library/Developer/Xcode/DerivedData/GoStop-avdznenwyzucxpcrysizkynptmfu/Build/Intermediates.noindex/GoStop.build/Debug-iphonesimulator/GoStop.build/GoStop-project-headers.hmap -Xcc -I/Users/najongseong/Library/Developer/Xcode/DerivedData/GoStop-avdznenwyzucxpcrysizkynptmfu/SourcePackages/checkouts/Yams/Sources/CYaml/include -Xcc -I/Users/najongseong/Library/Developer/Xcode/DerivedData/GoStop-avdznenwyzucxpcrysizkynptmfu/Build/Products/Debug-iphonesimulator/include -Xcc -I/Users/najongseong/Library/Developer/Xcode/DerivedData/GoStop-avdznenwyzucxpcrysizkynptmfu/Build/Intermediates.noindex/GoStop.build/Debug-iphonesimulator/GoStop.build/DerivedSources-normal/x86_64 -Xcc -I/Users/najongseong/Library/Developer/Xcode/DerivedData/GoStop-avdznenwyzucxpcrysizkynptmfu/Build/Intermediates.noindex/GoStop.build/Debug-iphonesimulator/GoStop.build/DerivedSources/x86_64 -Xcc -I/Users/najongseong/Library/Developer/Xcode/DerivedData/GoStop-avdznenwyzucxpcrysizkynptmfu/Build/Intermediates.noindex/GoStop.build/Debug-iphonesimulator/GoStop.build/DerivedSources -Xcc -DDEBUG\=1 -module-name GoStop -frontend-parseable-output -disable-clang-spi -target-sdk-version 18.5 -target-sdk-name iphonesimulator18.5 -external-plugin-path /Applications/Xcode.app/Contents/Developer/Platforms/iPhoneOS.platform/Developer/usr/lib/swift/host/plugins\#/Applications/Xcode.app/Contents/Developer/Platforms/iPhoneOS.platform/Developer/usr/bin/swift-plugin-server -external-plugin-path /Applications/Xcode.app/Contents/Developer/Platforms/iPhoneOS.platform/Developer/usr/local/lib/swift/host/plugins\#/Applications/Xcode.app/Contents/Developer/Platforms/iPhoneOS.platform/Developer/usr/bin/swift-plugin-server -in-process-plugin-server-path /Applications/Xcode.app/Contents/Developer/Toolchains/XcodeDefault.xctoolchain/usr/lib/swift/host/libSwiftInProcPluginServer.dylib -plugin-path /Applications/Xcode.app/Contents/Developer/Toolchains/XcodeDefault.xctoolchain/usr/lib/swift/host/plugins -plugin-path /Applications/Xcode.app/Contents/Developer/Toolchains/XcodeDefault.xctoolchain/usr/local/lib/swift/host/plugins -o /Users/najongseong/Library/Developer/Xcode/DerivedData/GoStop-avdznenwyzucxpcrysizkynptmfu/Build/Intermediates.noindex/GoStop.build/Debug-iphonesimulator/GoStop.build/Objects-normal/x86_64/MultiplayerContract.o -o /Users/najongseong/Library/Developer/Xcode/DerivedData/GoStop-avdznenwyzucxpcrysizkynptmfu/Build/Intermediates.noindex/GoStop.build/Debug-iphonesimulator/GoStop.build/Objects-normal/x86_64/MultiplayerGameManagerHelper.o -o /Users/najongseong/Library/Developer/Xcode/DerivedData/GoStop-avdznenwyzucxpcrysizkynptmfu/Build/Intermediates.noindex/GoStop.build/Debug-iphonesimulator/GoStop.build/Objects-normal/x86_64/MultiplayerPlayCoordinator.o -index-unit-output-path /GoStop.build/Debug-iphonesimulator/GoStop.build/Objects-normal/x86_64/MultiplayerContract.o -index-unit-output-path /GoStop.build/Debug-iphonesimulator/GoStop.build/Objects-normal/x86_64/MultiplayerGameManagerHelper.o -index-unit-output-path /GoStop.build/Debug-iphonesimulator/GoStop.build/Objects-normal/x86_64/MultiplayerPlayCoordinator.o -index-store-path /Users/najongseong/Library/Developer/Xcode/DerivedData/GoStop-avdznenwyzucxpcrysizkynptmfu/Index.noindex/DataStore -index-system-modules

SwiftCompile normal x86_64 /Users/najongseong/git_repository/GoStop_antigravity/GoStop/Core/MultiplayerContract.swift (in target 'GoStop' from project 'GoStop')
    cd /Users/najongseong/git_repository/GoStop_antigravity
    

SwiftCompile normal x86_64 /Users/najongseong/git_repository/GoStop_antigravity/GoStop/Core/MultiplayerGameManagerHelper.swift (in target 'GoStop' from project 'GoStop')
    cd /Users/najongseong/git_repository/GoStop_antigravity
    

SwiftCompile normal x86_64 /Users/najongseong/git_repository/GoStop_antigravity/GoStop/Views/MultiplayerPlayCoordinator.swift (in target 'GoStop' from project 'GoStop')
    cd /Users/najongseong/git_repository/GoStop_antigravity
    
/Users/najongseong/git_repository/GoStop_antigravity/GoStop/Views/MultiplayerPlayCoordinator.swift:287:77: error: extra argument 'deadline' in call
                MultiplayerReconnectOverlay(deadline: viewModel.gameManager.multiplayerGraceDeadline)
                                           ~~~~~~~~~~~~~~~~~~~~~~~~~~~~~~~~~^~~~~~~~~~~~~~~~~~~~~~~~~
/Users/najongseong/git_repository/GoStop_antigravity/GoStop/Views/MultiplayerPlayCoordinator.swift:287:44: error: missing arguments for parameters 'state', 'onLeaveTapped' in call
                MultiplayerReconnectOverlay(deadline: viewModel.gameManager.multiplayerGraceDeadline)
                                           ^
/Users/najongseong/git_repository/GoStop_antigravity/GoStop/Views/MultiplayerShellViews.swift:2887:8: note: 'init(state:onLeaveTapped:)' declared here
struct MultiplayerReconnectOverlay: View {
       ^

SwiftCompile normal x86_64 Compiling\ PlayerHandSlotManager.swift,\ RealRoomCoordinatorShellSource.swift,\ RoomCoordinatorModels.swift /Users/najongseong/git_repository/GoStop_antigravity/GoStop/Core/PlayerHandSlotManager.swift /Users/najongseong/git_repository/GoStop_antigravity/GoStop/Views/RealRoomCoordinatorShellSource.swift /Users/najongseong/git_repository/GoStop_antigravity/GoStop/Core/RoomCoordinatorModels.swift (in target 'GoStop' from project 'GoStop')

SwiftCompile normal x86_64 /Users/najongseong/git_repository/GoStop_antigravity/GoStop/Core/PlayerHandSlotManager.swift (in target 'GoStop' from project 'GoStop')
    cd /Users/najongseong/git_repository/GoStop_antigravity
    

SwiftCompile normal x86_64 /Users/najongseong/git_repository/GoStop_antigravity/GoStop/Views/RealRoomCoordinatorShellSource.swift (in target 'GoStop' from project 'GoStop')
    cd /Users/najongseong/git_repository/GoStop_antigravity
    

SwiftCompile normal x86_64 /Users/najongseong/git_repository/GoStop_antigravity/GoStop/Core/RoomCoordinatorModels.swift (in target 'GoStop' from project 'GoStop')
    cd /Users/najongseong/git_repository/GoStop_antigravity
    

SwiftEmitModule normal arm64 Emitting\ module\ for\ GoStop (in target 'GoStop' from project 'GoStop')

EmitSwiftModule normal arm64 (in target 'GoStop' from project 'GoStop')
    cd /Users/najongseong/git_repository/GoStop_antigravity
    

SwiftDriverJobDiscovery normal x86_64 Compiling MultiplayerStateMapper.swift, PenaltySystem.swift, Player.swift (in target 'GoStop' from project 'GoStop')

SwiftCompile normal arm64 Compiling\ ConfigManager.swift,\ ContentView.swift,\ DebugEndgameSummaryView.swift /Users/najongseong/git_repository/GoStop_antigravity/GoStop/Core/ConfigManager.swift /Users/najongseong/git_repository/GoStop_antigravity/GoStop/ContentView.swift /Users/najongseong/git_repository/GoStop_antigravity/GoStop/Views/DebugEndgameSummaryView.swift (in target 'GoStop' from project 'GoStop')

SwiftCompile normal arm64 /Users/najongseong/git_repository/GoStop_antigravity/GoStop/Core/ConfigManager.swift (in target 'GoStop' from project 'GoStop')
    cd /Users/najongseong/git_repository/GoStop_antigravity
    

SwiftCompile normal arm64 /Users/najongseong/git_repository/GoStop_antigravity/GoStop/ContentView.swift (in target 'GoStop' from project 'GoStop')
    cd /Users/najongseong/git_repository/GoStop_antigravity
    

SwiftCompile normal arm64 /Users/najongseong/git_repository/GoStop_antigravity/GoStop/Views/DebugEndgameSummaryView.swift (in target 'GoStop' from project 'GoStop')
    cd /Users/najongseong/git_repository/GoStop_antigravity
    

SwiftDriverJobDiscovery normal x86_64 Compiling ConfigManager.swift, ContentView.swift, DebugEndgameSummaryView.swift (in target 'GoStop' from project 'GoStop')

SwiftCompile normal x86_64 Compiling\ AnimationManager.swift /Users/najongseong/git_repository/GoStop_antigravity/GoStop/Core/AnimationManager.swift (in target 'GoStop' from project 'GoStop')

SwiftCompile normal x86_64 /Users/najongseong/git_repository/GoStop_antigravity/GoStop/Core/AnimationManager.swift (in target 'GoStop' from project 'GoStop')
    cd /Users/najongseong/git_repository/GoStop_antigravity
    

SwiftDriverJobDiscovery normal x86_64 Emitting module for GoStop (in target 'GoStop' from project 'GoStop')

SwiftDriver\ Compilation\ Requirements GoStop normal x86_64 com.apple.xcode.tools.swift.compiler (in target 'GoStop' from project 'GoStop')
    cd /Users/najongseong/git_repository/GoStop_antigravity
    builtin-Swift-Compilation-Requirements -- /Applications/Xcode.app/Contents/Developer/Toolchains/XcodeDefault.xctoolchain/usr/bin/swiftc -module-name GoStop -Onone -enforce-exclusivity\=checked @/Users/najongseong/Library/Developer/Xcode/DerivedData/GoStop-avdznenwyzucxpcrysizkynptmfu/Build/Intermediates.noindex/GoStop.build/Debug-iphonesimulator/GoStop.build/Objects-normal/x86_64/GoStop.SwiftFileList -DDEBUG -enable-bare-slash-regex -enable-experimental-feature DebugDescriptionMacro -sdk /Applications/Xcode.app/Contents/Developer/Platforms/iPhoneSimulator.platform/Developer/SDKs/iPhoneSimulator18.5.sdk -target x86_64-apple-ios16.0-simulator -g -module-cache-path /Users/najongseong/Library/Developer/Xcode/DerivedData/ModuleCache.noindex -Xfrontend -serialize-debugging-options -profile-coverage-mapping -profile-generate -enable-testing -index-store-path /Users/najongseong/Library/Developer/Xcode/DerivedData/GoStop-avdznenwyzucxpcrysizkynptmfu/Index.noindex/DataStore -swift-version 5 -I /Users/najongseong/Library/Developer/Xcode/DerivedData/GoStop-avdznenwyzucxpcrysizkynptmfu/Build/Products/Debug-iphonesimulator -F /Users/najongseong/Library/Developer/Xcode/DerivedData/GoStop-avdznenwyzucxpcrysizkynptmfu/Build/Products/Debug-iphonesimulator/PackageFrameworks -F /Users/najongseong/Library/Developer/Xcode/DerivedData/GoStop-avdznenwyzucxpcrysizkynptmfu/Build/Products/Debug-iphonesimulator/PackageFrameworks -F /Users/najongseong/Library/Developer/Xcode/DerivedData/GoStop-avdznenwyzucxpcrysizkynptmfu/Build/Products/Debug-iphonesimulator -c -j10 -enable-batch-mode -incremental -Xcc -ivfsstatcache -Xcc /Users/najongseong/Library/Developer/Xcode/DerivedData/SDKStatCaches.noindex/iphonesimulator18.5-22F76-d5fc8ad4295d2ef488fb7d0f804ce0c4.sdkstatcache -output-file-map /Users/najongseong/Library/Developer/Xcode/DerivedData/GoStop-avdznenwyzucxpcrysizkynptmfu/Build/Intermediates.noindex/GoStop.build/Debug-iphonesimulator/GoStop.build/Objects-normal/x86_64/GoStop-OutputFileMap.json -use-frontend-parseable-output -save-temps -no-color-diagnostics -serialize-diagnostics -emit-dependencies -emit-module -emit-module-path /Users/najongseong/Library/Developer/Xcode/DerivedData/GoStop-avdznenwyzucxpcrysizkynptmfu/Build/Intermediates.noindex/GoStop.build/Debug-iphonesimulator/GoStop.build/Objects-normal/x86_64/GoStop.swiftmodule -validate-clang-modules-once -clang-build-session-file /Users/najongseong/Library/Developer/Xcode/DerivedData/ModuleCache.noindex/Session.modulevalidation -Xcc -I/Users/najongseong/Library/Developer/Xcode/DerivedData/GoStop-avdznenwyzucxpcrysizkynptmfu/Build/Intermediates.noindex/GoStop.build/Debug-iphonesimulator/GoStop.build/swift-overrides.hmap -emit-const-values -Xfrontend -const-gather-protocols-file -Xfrontend /Users/najongseong/Library/Developer/Xcode/DerivedData/GoStop-avdznenwyzucxpcrysizkynptmfu/Build/Intermediates.noindex/GoStop.build/Debug-iphonesimulator/GoStop.build/Objects-normal/x86_64/GoStop_const_extract_protocols.json -Xcc -iquote -Xcc /Users/najongseong/Library/Developer/Xcode/DerivedData/GoStop-avdznenwyzucxpcrysizkynptmfu/Build/Intermediates.noindex/GoStop.build/Debug-iphonesimulator/GoStop.build/GoStop-generated-files.hmap -Xcc -I/Users/najongseong/Library/Developer/Xcode/DerivedData/GoStop-avdznenwyzucxpcrysizkynptmfu/Build/Intermediates.noindex/GoStop.build/Debug-iphonesimulator/GoStop.build/GoStop-own-target-headers.hmap -Xcc -I/Users/najongseong/Library/Developer/Xcode/DerivedData/GoStop-avdznenwyzucxpcrysizkynptmfu/Build/Intermediates.noindex/GoStop.build/Debug-iphonesimulator/GoStop.build/GoStop-all-non-framework-target-headers.hmap -Xcc -ivfsoverlay -Xcc /Users/najongseong/Library/Developer/Xcode/DerivedData/GoStop-avdznenwyzucxpcrysizkynptmfu/Build/Intermediates.noindex/GoStop.build/Debug-iphonesimulator/GoStop-53a3f52937892fd0e35a89633a7e84e6-VFS-iphonesimulator/all-product-headers.yaml -Xcc -iquote -Xcc /Users/najongseong/Library/Developer/Xcode/DerivedData/GoStop-avdznenwyzucxpcrysizkynptmfu/Build/Intermediates.noindex/GoStop.build/Debug-iphonesimulator/GoStop.build/GoStop-project-headers.hmap -Xcc -I/Users/najongseong/Library/Developer/Xcode/DerivedData/GoStop-avdznenwyzucxpcrysizkynptmfu/SourcePackages/checkouts/Yams/Sources/CYaml/include -Xcc -I/Users/najongseong/Library/Developer/Xcode/DerivedData/GoStop-avdznenwyzucxpcrysizkynptmfu/Build/Products/Debug-iphonesimulator/include -Xcc -I/Users/najongseong/Library/Developer/Xcode/DerivedData/GoStop-avdznenwyzucxpcrysizkynptmfu/Build/Intermediates.noindex/GoStop.build/Debug-iphonesimulator/GoStop.build/DerivedSources-normal/x86_64 -Xcc -I/Users/najongseong/Library/Developer/Xcode/DerivedData/GoStop-avdznenwyzucxpcrysizkynptmfu/Build/Intermediates.noindex/GoStop.build/Debug-iphonesimulator/GoStop.build/DerivedSources/x86_64 -Xcc -I/Users/najongseong/Library/Developer/Xcode/DerivedData/GoStop-avdznenwyzucxpcrysizkynptmfu/Build/Intermediates.noindex/GoStop.build/Debug-iphonesimulator/GoStop.build/DerivedSources -Xcc -DDEBUG\=1 -emit-objc-header -emit-objc-header-path /Users/najongseong/Library/Developer/Xcode/DerivedData/GoStop-avdznenwyzucxpcrysizkynptmfu/Build/Intermediates.noindex/GoStop.build/Debug-iphonesimulator/GoStop.build/Objects-normal/x86_64/GoStop-Swift.h -working-directory /Users/najongseong/git_repository/GoStop_antigravity -experimental-emit-module-separately -disable-cmo

** BUILD FAILED **


The following build commands failed:
	SwiftCompile normal x86_64 Compiling\ MultiplayerContract.swift,\ MultiplayerGameManagerHelper.swift,\ MultiplayerPlayCoordinator.swift /Users/najongseong/git_repository/GoStop_antigravity/GoStop/Core/MultiplayerContract.swift /Users/najongseong/git_repository/GoStop_antigravity/GoStop/Core/MultiplayerGameManagerHelper.swift /Users/najongseong/git_repository/GoStop_antigravity/GoStop/Views/MultiplayerPlayCoordinator.swift (in target 'GoStop' from project 'GoStop')
	SwiftCompile normal x86_64 /Users/najongseong/git_repository/GoStop_antigravity/GoStop/Views/MultiplayerPlayCoordinator.swift (in target 'GoStop' from project 'GoStop')
	Building project GoStop with scheme GoStop and configuration Debug
(3 failures)
